C 50000

CE <078>
CH <118>
CP <138>
CR <178>

F 9

I 1

L • ╹ ╺ ┗ ╻ ┃ ┏ ┣ ╸ ┛ ━ ┻ ┓ ┫ ┳ ╋ ♦


R {    1} {0} {} {Inside the Dark Mound|280902} { } {} {} {} {} {} {1.000}
E {    2} {n} {unl door;open door;n;close door} {1} {0} {}

R {    2} {0} {} {Main Tunnel|41b329} { } {} {} {} {} {} {1.000}
E {    1} {s} {unl door south;open door;s;close door} {4} {0} {}
E {    3} {w} {w} {8} {0} {}

R {    3} {0} {} {Main Tunnel|417c5b} { } {} {} {} {} {} {1.000}
E {    2} {e} {e} {2} {0} {}
E {    4} {n} {n} {1} {0} {}

R {    4} {0} {} {Main Tunnel|417c5b} { } {} {} {} {} {} {1.000}
E {    3} {s} {s} {4} {0} {}
E {    5} {n} {n} {1} {0} {}

R {    5} {0} {} {Main Tunnel|417c5b} { } {} {} {} {} {} {1.000}
E {    4} {s} {s} {4} {0} {}
E {    6} {e} {e} {2} {0} {}

R {    6} {0} {} {Main Tunnel|417c5b} { } {} {} {} {} {} {1.000}
E {    5} {w} {w} {8} {0} {}
E {    7} {n} {n} {1} {0} {}

R {    7} {0} {} {Main Tunnel|417c5b} { } {} {} {} {} {} {1.000}
E {    6} {s} {s} {4} {0} {}
E {    8} {n} {n} {1} {0} {}

R {    8} {0} {} {Main Tunnel|417c5b} { } {} {} {} {} {} {1.000}
E {    7} {s} {s} {4} {0} {}
E {    9} {n} {n} {1} {0} {}

R {    9} {0} {} {Intersection|22f43a} { } {} {} {} {} {} {1.000}
E {    8} {s} {s} {4} {0} {}
E {   10} {e} {e} {2} {0} {}
E {   11} {w} {open door w;w;close door east} {8} {0} {}
E {   27} {n} {n} {1} {0} {}

R {   10} {0} {} {Miner Barracks|402d65} { } {} {} {} {} {} {1.000}
E {    9} {w} {w} {8} {0} {}
E {   49} {e} {e} {2} {0} {}

R {   11} {0} {} {Death Row|39a2f6} { } {} {} {} {} {} {1.000}
E {    9} {e} {open door east;e;close door} {2} {0} {}
E {   12} {w} {w} {8} {0} {}

R {   12} {0} {} {Death Row|39a2f6} { } {} {} {} {} {} {1.000}
E {   11} {e} {e} {2} {0} {}
E {   13} {w} {w} {8} {0} {}

R {   13} {0} {} {Death Row|39a2f6} { } {} {} {} {} {} {1.000}
E {   12} {e} {e} {2} {0} {}
E {   14} {w} {w} {8} {0} {}

R {   14} {0} {} {Death Row|39a2f6} { } {} {} {} {} {} {1.000}
E {   13} {e} {e} {2} {0} {}
E {   15} {w} {w} {8} {0} {}

R {   15} {0} {} {Death Row|39a2f6} { } {} {} {} {} {} {1.000}
E {   14} {e} {e} {2} {0} {}
E {   16} {w} {w} {8} {0} {}

R {   16} {0} {} {Death Row|39a2f6} { } {} {} {} {} {} {1.000}
E {   15} {e} {e} {2} {0} {}
E {   17} {w} {w} {8} {0} {}

R {   17} {0} {} {Death Row|39a2f6} { } {} {} {} {} {} {1.000}
E {   16} {e} {e} {2} {0} {}
E {   18} {w} {w} {8} {0} {}

R {   18} {0} {} {Death Row|39a2f6} { } {} {} {} {} {} {1.000}
E {   17} {e} {e} {2} {0} {}
E {   19} {w} {w} {8} {0} {}

R {   19} {0} {} {Death Row|39a2f6} { } {} {} {} {} {} {1.000}
E {   18} {e} {e} {2} {0} {}
E {   20} {w} {w} {8} {0} {}

R {   20} {0} {} {Death Row|39a2f6} { } {} {} {} {} {} {1.000}
E {   19} {e} {e} {2} {0} {}
E {   21} {w} {w} {8} {0} {}
E {   23} {s} {open door s;s;close door north} {4} {0} {}

R {   21} {0} {} {Death Row|39a2f6} { } {} {} {} {} {} {1.000}
E {   20} {e} {e} {2} {0} {}
E {   22} {w} {w} {8} {0} {}

R {   22} {0} {} {Dead end|364344} { } {} {} {} {} {} {1.000}
E {   21} {e} {e} {2} {0} {}

R {   23} {0} {} {Sheriff's Lobby|71d442} { } {} {} {} {} {} {1.000}
E {   20} {n} {open door n;n;close door south} {1} {0} {}
E {   24} {s} {s} {4} {0} {}

R {   24} {0} {} {Sheriff's Office|64a478} { } {} {} {} {} {} {1.000}
E {   23} {n} {n} {1} {0} {}
E {   25} {w} {w} {8} {0} {}
E {   26} {e} {e} {2} {0} {}

R {   25} {0} {} {Deputy Office|61ee95} { } {} {} {} {} {} {1.000}
E {   24} {e} {e} {2} {0} {}

R {   26} {0} {} {Gun Lockup|467fa9} { } {} {} {} {} {} {1.000}
E {   24} {w} {w} {8} {0} {}

R {   27} {0} {} {Main Tunnel|4225bf} { } {} {} {} {} {} {1.000}
E {    9} {s} {s} {4} {0} {}
E {   28} {n} {n} {1} {0} {}

R {   28} {0} {} {Main Tunnel|4225bf} { } {} {} {} {} {} {1.000}
E {   27} {s} {s} {4} {0} {}
E {   29} {n} {n} {1} {0} {}

R {   29} {0} {} {Main Tunnel|4225bf} { } {} {} {} {} {} {1.000}
E {   28} {s} {s} {4} {0} {}
E {   30} {n} {n} {1} {0} {}

R {   30} {0} {} {Main Tunnel|25267b} { } {} {} {} {} {} {1.000}
E {   29} {s} {s} {4} {0} {}
E {   31} {w} {open door w;w;close door east} {8} {0} {}
E {   40} {n} {n} {1} {0} {}

R {   31} {0} {} {Warrior Training Ground|15fae9} { } {} {} {} {} {} {1.000}
E {   30} {e} {open door east;e;close door west} {2} {0} {}
E {   32} {w} {w} {8} {0} {}

R {   32} {0} {} {Warrior Training Ground|15fae9} { } {} {} {} {} {} {1.000}
E {   31} {e} {e} {2} {0} {}
E {   33} {s} {s} {4} {0} {}
E {   39} {w} {w} {8} {0} {}

R {   33} {0} {} {Warrior Training Ground|15fae9} { } {} {} {} {} {} {1.000}
E {   32} {n} {n} {1} {0} {}
E {   34} {w} {w} {8} {0} {}

R {   34} {0} {} {Warrior Training Ground|15fae9} { } {} {} {} {} {} {1.000}
E {   33} {e} {e} {2} {0} {}
E {   35} {w} {w} {8} {0} {}
E {   39} {n} {n} {1} {0} {}

R {   35} {0} {} {Warrior Training Ground|15fae9} { } {} {} {} {} {} {1.000}
E {   34} {e} {e} {2} {0} {}
E {   36} {w} {w} {8} {0} {}
E {   38} {n} {n} {1} {0} {}

R {   36} {0} {} {Warrior Training Ground|15fae9} { } {} {} {} {} {} {1.000}
E {   35} {e} {e} {2} {0} {}
E {   37} {n} {n} {1} {0} {}

R {   37} {0} {} {Warrior Training Ground|15fae9} { } {} {} {} {} {} {1.000}
E {   36} {s} {s} {4} {0} {}
E {   38} {e} {e} {2} {0} {}

R {   38} {0} {} {Warrior Training Ground|15fae9} { } {} {} {} {} {} {1.000}
E {   37} {w} {w} {8} {0} {}
E {   35} {s} {s} {4} {0} {}
E {   39} {e} {e} {2} {0} {}

R {   39} {0} {} {Warrior Training Ground|15fae9} { } {} {} {} {} {} {1.000}
E {   38} {w} {w} {8} {0} {}
E {   34} {s} {s} {4} {0} {}
E {   32} {e} {e} {2} {0} {}

R {   40} {0} {} {Main Tunnel|52a8f7} { } {} {} {} {} {} {1.000}
E {   30} {s} {s} {4} {0} {}
E {   41} {e} {open door e;e;close door west} {2} {0} {}
E {   48} {n} {n} {1} {0} {}

R {   41} {0} {} {Reception Room|19016b} { } {} {} {} {} {} {1.000}
E {   40} {w} {open door west;w;close door east} {8} {0} {}
E {   42} {e} {e} {2} {0} {}

R {   42} {0} {} {Blitz's Office|2acb15} { } {} {} {} {} {} {1.000}
E {   41} {w} {w} {8} {0} {}
E {   43} {n} {n} {1} {0} {}
E {   47} {s} {s} {4} {0} {}
E {   45} {e} {e} {2} {0} {}

R {   43} {0} {} {Blitz's Office|2acb15} { } {} {} {} {} {} {1.000}
E {   42} {s} {s} {4} {0} {}
E {   44} {e} {e} {2} {0} {}

R {   44} {0} {} {Blitz's Office|2acb15} { } {} {} {} {} {} {1.000}
E {   43} {w} {w} {8} {0} {}
E {   45} {s} {s} {4} {0} {}

R {   45} {0} {} {Blitz's Office|2acb15} { } {} {} {} {} {} {1.000}
E {   44} {n} {n} {1} {0} {}
E {   46} {s} {s} {4} {0} {}
E {   42} {w} {w} {8} {0} {}

R {   46} {0} {} {Blitz's Office|2acb15} { } {} {} {} {} {} {1.000}
E {   45} {n} {n} {1} {0} {}
E {   47} {w} {w} {8} {0} {}

R {   47} {0} {} {Blitz's Office|2acb15} { } {} {} {} {} {} {1.000}
E {   46} {e} {e} {2} {0} {}
E {   42} {n} {n} {1} {0} {}

R {   48} {0} {} {Main Tunnel|175741} { } {} {} {} {} {} {1.000}
E {   40} {s} {s} {4} {0} {}
E {   99} {w} {open door;w;close door} {8} {0} {}
E {  108} {n} {n} {1} {0} {}

R {   49} {0} {} {Miner Barracks|402d65} { } {} {} {} {} {} {1.000}
E {   10} {w} {w} {8} {0} {}
E {   50} {s} {open door s;s;close door north} {4} {0} {}
E {   51} {e} {e} {2} {0} {}

R {   50} {0} {} {} { } {} {} {} {} {} {1.000}
E {   49} {n} {open door;n;close door south} {1} {0} {}

R {   51} {0} {} {Miner Barracks|402d65} { } {} {} {} {} {} {1.000}
E {   49} {w} {w} {8} {0} {}
E {   52} {n} {open door;n;close door} {1} {0} {}
E {   53} {e} {e} {2} {0} {}

R {   52} {0} {} {Private Miner Quarters|217ed6} { } {} {} {} {} {} {1.000}
E {   51} {s} {open door;s;close door} {4} {0} {}

R {   53} {0} {} {Miner Barracks|402d65} { } {} {} {} {} {} {1.000}
E {   51} {w} {w} {8} {0} {}
E {   54} {s} {open door;s;close door} {4} {0} {}
E {   55} {e} {e} {2} {0} {}

R {   54} {0} {} {Private Miner Quarters|217ed6} { } {} {} {} {} {} {1.000}
E {   53} {n} {open door;n;close door} {1} {0} {}

R {   55} {0} {} {Miner Barracks|402d65} { } {} {} {} {} {} {1.000}
E {   53} {w} {w} {8} {0} {}
E {   56} {e} {e} {2} {0} {}

R {   56} {0} {} {Miner Barracks|402d65} { } {} {} {} {} {} {1.000}
E {   55} {w} {w} {8} {0} {}
E {   57} {e} {e} {2} {0} {}

R {   57} {0} {} {Miner Barracks|402d65} { } {} {} {} {} {} {1.000}
E {   56} {w} {w} {8} {0} {}
E {   58} {e} {e} {2} {0} {}

R {   58} {0} {} {Miner Barracks|402d65} { } {} {} {} {} {} {1.000}
E {   57} {w} {w} {8} {0} {}
E {   59} {e} {e} {2} {0} {}

R {   59} {0} {} {Miner Barracks|402d65} { } {} {} {} {} {} {1.000}
E {   58} {w} {w} {8} {0} {}
E {   60} {e} {e} {2} {0} {}

R {   60} {0} {} {Miner Barracks|402d65} { } {} {} {} {} {} {1.000}
E {   59} {w} {w} {8} {0} {}
E {   61} {s} {open door;s;close door} {4} {0} {}
E {   65} {e} {e} {2} {0} {}

R {   61} {0} {} {Entrance to Foreman's Office|2fdfd0} { } {} {} {} {} {} {1.000}
E {   60} {n} {open door;n;close door} {1} {0} {}
E {   62} {s} {s} {4} {0} {}

R {   62} {0} {} {Foreman's Office|21f8bc} { } {} {} {} {} {} {1.000}
E {   61} {n} {n} {1} {0} {}
E {   63} {w} {w} {8} {0} {}
E {   64} {e} {e} {2} {0} {}

R {   63} {0} {} {Assistant's Office|1a4dc3} { } {} {} {} {} {} {1.000}
E {   62} {e} {e} {2} {0} {}

R {   64} {0} {} {Assistant's Office|1a4dc3} { } {} {} {} {} {} {1.000}
E {   62} {w} {w} {8} {0} {}

R {   65} {0} {} {Miner Barracks|418c03} { } {} {} {} {} {} {1.000}
E {   60} {w} {w} {8} {0} {}
E {   66} {e} {e} {2} {0} {}

R {   66} {0} {} {Entrance to Mines|3067e8} { } {} {} {} {} {} {1.000}
E {   65} {w} {w} {8} {0} {}
E {   67} {d} {d} {32} {0} {}

R {   67} {0} {} {In the Cockroach Mines|39e552} { } {} {} {} {} {} {1.000}
E {   66} {u} {u} {16} {0} {}
E {   68} {w} {w} {8} {0} {}

R {   68} {0} {} {Inside the Cockroach Mines|325340} { } {} {} {} {} {} {1.000}
E {   67} {e} {e} {2} {0} {}
E {   69} {w} {w} {8} {0} {}

R {   69} {0} {} {Inside the Cockroach Mines|655d0b} { } {} {} {} {} {} {1.000}
E {   68} {e} {e} {2} {0} {}
E {   70} {n} {n} {1} {0} {}

R {   70} {0} {} {In the Cockroach Mines|39e552} { } {} {} {} {} {} {1.000}
E {   69} {s} {s} {4} {0} {}
E {   71} {n} {n} {1} {0} {}

R {   71} {0} {} {Inside the Cockroach Mines|325340} { } {} {} {} {} {} {1.000}
E {   70} {s} {s} {4} {0} {}
E {   72} {w} {w} {8} {0} {}

R {   72} {0} {} {Inside the Cockroach Mines|655d0b} { } {} {} {} {} {} {1.000}
E {   71} {e} {e} {2} {0} {}
E {   73} {w} {w} {8} {0} {}

R {   73} {0} {} {In the Cockroach Mines|39e552} { } {} {} {} {} {} {1.000}
E {   72} {e} {e} {2} {0} {}
E {   74} {s} {s} {4} {0} {}

R {   74} {0} {} {Inside the Cockroach Mines|655d0b} { } {} {} {} {} {} {1.000}
E {   73} {n} {n} {1} {0} {}
E {   75} {s} {s} {4} {0} {}

R {   75} {0} {} {Inside the Cockroach Mines|325340} { } {} {} {} {} {} {1.000}
E {   74} {n} {n} {1} {0} {}
E {   76} {w} {w} {8} {0} {}

R {   76} {0} {} {In the Cockroach Mines|39e552} { } {} {} {} {} {} {1.000}
E {   75} {e} {e} {2} {0} {}
E {   77} {w} {w} {8} {0} {}

R {   77} {0} {} {Inside the Cockroach Mines|655d0b} { } {} {} {} {} {} {1.000}
E {   76} {e} {e} {2} {0} {}
E {   78} {s} {s} {4} {0} {}

R {   78} {0} {} {Inside the Cockroach Mines|325340} { } {} {} {} {} {} {1.000}
E {   77} {n} {n} {1} {0} {}
E {   79} {w} {w} {8} {0} {}

R {   79} {0} {} {In the Cockroach Mines|39e552} { } {} {} {} {} {} {1.000}
E {   78} {e} {e} {2} {0} {}
E {   80} {w} {w} {8} {0} {}

R {   80} {0} {} {Inside the Cockroach Mines|325340} { } {} {} {} {} {} {1.000}
E {   79} {e} {e} {2} {0} {}
E {   81} {w} {w} {8} {0} {}
E {   83} {n} {open secret;n;close secret} {1} {0} {}

R {   81} {0} {} {In the Cockroach Mines|39e552} { } {} {} {} {} {} {1.000}
E {   80} {e} {e} {2} {0} {}
E {   82} {w} {w} {8} {0} {}

R {   82} {0} {} {Deep in the Cockroach Mines|4c9c95} { } {} {} {} {} {} {1.000}
E {   81} {e} {e} {2} {0} {}

R {   83} {0} {} {Mantis Hideout|909ec2} { } {} {} {} {} {} {1.000}
E {   80} {s} {open secret;s;close secret} {4} {0} {}
E {   84} {n} {n} {1} {0} {}

R {   84} {0} {} {Mantis Hideout|6dc772} { } {} {} {} {} {} {1.000}
E {   83} {s} {s} {4} {0} {}
E {   85} {w} {w} {8} {0} {}

R {   85} {0} {} {Mantis Hideout|6dc772} { } {} {} {} {} {} {1.000}
E {   84} {e} {e} {2} {0} {}
E {   86} {n} {n} {1} {0} {}
E {   87} {w} {w} {8} {0} {}

R {   86} {0} {} {Mantis Temple|37d126} { } {} {} {} {} {} {1.000}
E {   85} {s} {s} {4} {0} {}

R {   87} {0} {} {Mantis Hideout|6dc772} { } {} {} {} {} {} {1.000}
E {   85} {e} {e} {2} {0} {}
E {   88} {w} {w} {8} {0} {}

R {   88} {0} {} {Mantis Hideout|6dc772} { } {} {} {} {} {} {1.000}
E {   87} {e} {e} {2} {0} {}
E {   89} {w} {w} {8} {0} {}

R {   89} {0} {} {Mantis Hideout|6dc772} { } {} {} {} {} {} {1.000}
E {   88} {e} {e} {2} {0} {}
E {   90} {s} {s} {4} {0} {}
E {   93} {n} {n} {1} {0} {}

R {   90} {0} {} {Mantis Hideout|6dc772} { } {} {} {} {} {} {1.000}
E {   89} {n} {n} {1} {0} {}
E {   91} {s} {s} {4} {0} {}
E {   92} {w} {w} {8} {0} {}

R {   91} {0} {} {King's Chambers|36c6ef} { } {} {} {} {} {} {1.000}
E {   90} {n} {n} {1} {0} {}

R {   92} {0} {} {Queen's Chambers|1aa603} { } {} {} {} {} {} {1.000}
E {   90} {e} {e} {2} {0} {}

R {   93} {0} {} {Mantis Hideout|6dc772} { } {} {} {} {} {} {1.000}
E {   89} {s} {s} {4} {0} {}
E {   94} {n} {n} {1} {0} {}
E {   97} {w} {w} {8} {0} {}

R {   94} {0} {} {Mantis Hideout|6dc772} { } {} {} {} {} {} {1.000}
E {   93} {s} {s} {4} {0} {}
E {   95} {n} {n} {1} {0} {}

R {   95} {0} {} {Mantis Hideout|6dc772} { } {} {} {} {} {} {1.000}
E {   94} {s} {s} {4} {0} {}
E {   96} {n} {n} {1} {0} {}

R {   96} {0} {} {Mantis Hideout|6dc772} { } {} {} {} {} {} {1.000}
E {   95} {s} {s} {4} {0} {}

R {   97} {0} {} {Mantis Hideout|6dc772} { } {} {} {} {} {} {1.000}
E {   93} {e} {e} {2} {0} {}
E {   98} {w} {w} {8} {0} {}

R {   98} {0} {} {Mantis Hideout|270e3d} { } {} {} {} {} {} {1.000}
E {   97} {e} {e} {2} {0} {}
E {   22} {u} {open secret;u} {16} {0} {}

R {   99} {0} {} {Infantry Training Grounds|20f90f} { } {} {} {} {} {} {1.000}
E {   48} {e} {open door;e;close door} {2} {0} {}
E {  100} {w} {w} {8} {0} {}

R {  100} {0} {} {Infantry Training Grounds|20f90f} { } {} {} {} {} {} {1.000}
E {   99} {e} {e} {2} {0} {}
E {  101} {n} {n} {1} {0} {}
E {  103} {w} {w} {8} {0} {}

R {  101} {0} {} {Infantry Training Grounds|20f90f} { } {} {} {} {} {} {1.000}
E {  100} {s} {s} {4} {0} {}
E {  102} {w} {w} {8} {0} {}

R {  102} {0} {} {Infantry Training Grounds|20f90f} { } {} {} {} {} {} {1.000}
E {  101} {e} {e} {2} {0} {}
E {  103} {s} {s} {4} {0} {}
E {  107} {w} {w} {8} {0} {}

R {  103} {0} {} {Infantry Training Grounds|20f90f} { } {} {} {} {} {} {1.000}
E {  102} {n} {n} {1} {0} {}
E {  100} {e} {e} {2} {0} {}
E {  104} {w} {w} {8} {0} {}

R {  104} {0} {} {Infantry Training Grounds|20f90f} { } {} {} {} {} {} {1.000}
E {  103} {e} {e} {2} {0} {}
E {  105} {w} {w} {8} {0} {}
E {  107} {n} {n} {1} {0} {}

R {  105} {0} {} {Infantry Training Grounds|20f90f} { } {} {} {} {} {} {1.000}
E {  104} {e} {e} {2} {0} {}
E {  106} {n} {n} {1} {0} {}

R {  106} {0} {} {Infantry Training Grounds|20f90f} { } {} {} {} {} {} {1.000}
E {  105} {s} {s} {4} {0} {}
E {  107} {e} {e} {2} {0} {}

R {  107} {0} {} {Infantry Training Grounds|20f90f} { } {} {} {} {} {} {1.000}
E {  106} {w} {w} {8} {0} {}
E {  104} {s} {s} {4} {0} {}
E {  102} {e} {e} {2} {0} {}

R {  108} {0} {} {Main Tunnel|4225bf} { } {} {} {} {} {} {1.000}
E {   48} {s} {s} {4} {0} {}
E {  109} {n} {n} {1} {0} {}

R {  109} {0} {} {Main Tunnel|4225bf} { } {} {} {} {} {} {1.000}
E {  108} {s} {s} {4} {0} {}
E {  110} {n} {n} {1} {0} {}

R {  110} {0} {} {Main Tunnel|514ebf} { } {} {} {} {} {} {1.000}
E {  109} {s} {s} {4} {0} {}
E {  111} {w} {open door;w;close door} {8} {0} {}
E {  116} {n} {n} {1} {0} {}

R {  111} {0} {} {Ranger Training Grounds|347367} { } {} {} {} {} {} {1.000}
E {  110} {e} {open door;e;close door} {2} {0} {}
E {  112} {w} {w} {8} {0} {}

R {  112} {0} {} {Ranger Training Grounds|347367} { } {} {} {} {} {} {1.000}
E {  111} {e} {e} {2} {0} {}
E {  113} {w} {w} {8} {0} {}

R {  113} {0} {} {Ranger Training Grounds|347367} { } {} {} {} {} {} {1.000}
E {  112} {e} {e} {2} {0} {}
E {  114} {w} {w} {8} {0} {}

R {  114} {0} {} {Ranger Training Grounds|347367} { } {} {} {} {} {} {1.000}
E {  113} {e} {e} {2} {0} {}
E {  115} {w} {w} {8} {0} {}

R {  115} {0} {} {Ranger Training Grounds|347367} { } {} {} {} {} {} {1.000}
E {  114} {e} {e} {2} {0} {}

R {  116} {0} {} {Main Tunnel|0bd0c0} { } {} {} {} {} {} {1.000}
E {  110} {s} {s} {4} {0} {}
E {  117} {u} {u} {16} {0} {}

R {  117} {0} {} {Large Caked Mud Tunnel|411d80} { } {} {} {} {} {} {1.000}
E {  116} {d} {d} {32} {0} {}
E {  118} {s} {s} {4} {0} {}
E {  131} {e} {e} {2} {0} {}
E {  163} {w} {w} {8} {0} {}

R {  118} {0} {} {Guild Row|2c40b6} { } {} {} {} {} {} {1.000}
E {  117} {n} {n} {1} {0} {}
E {  119} {s} {s} {4} {0} {}

R {  119} {0} {} {Guild Row|2c4205} { } {} {} {} {} {} {1.000}
E {  118} {n} {n} {1} {0} {}
E {  120} {s} {s} {4} {0} {}

R {  120} {0} {} {Guild Row|2c40b6} { } {} {} {} {} {} {1.000}
E {  119} {n} {n} {1} {0} {}
E {  121} {w} {bp secret;open secret;w;close secret} {8} {0} {}
E {  125} {s} {s} {4} {0} {}

R {  121} {0} {} {Hideout|0e4959} { } {} {} {} {} {} {1.000}
E {  120} {e} {bp secret;open secret;e;close secret} {2} {0} {}
E {  122} {w} {w} {8} {0} {}

R {  122} {0} {} {Hideout|2f0f3b} { } {} {} {} {} {} {1.000}
E {  121} {e} {e} {2} {0} {}
E {  123} {w} {w} {8} {0} {}

R {  123} {0} {} {Hideout|16416c} { } {} {} {} {} {} {1.000}
E {  122} {e} {e} {2} {0} {}
E {  124} {s} {s} {4} {0} {}

R {  124} {0} {} {Hideout|248b10} { } {} {} {} {} {} {1.000}
E {  123} {n} {n} {1} {0} {}

R {  125} {0} {} {Guild Row|2c4205} { } {} {} {} {} {} {1.000}
E {  120} {n} {n} {1} {0} {}
E {  126} {e} {e} {2} {0} {}
E {  127} {s} {s} {4} {0} {}

R {  126} {0} {} {Jewel Shop|287cfe} { } {} {} {} {} {} {1.000}
E {  125} {w} {w} {8} {0} {}

R {  127} {0} {} {Guild Row|2c4205} { } {} {} {} {} {} {1.000}
E {  125} {n} {n} {1} {0} {}
E {  128} {w} {w} {8} {0} {}
E {  129} {s} {s} {4} {0} {}

R {  128} {0} {} {Weapon Shop|396482} { } {} {} {} {} {} {1.000}
E {  127} {e} {e} {2} {0} {}

R {  129} {0} {} {Guild Row|2c4205} { } {} {} {} {} {} {1.000}
E {  127} {n} {n} {1} {0} {}
E {  130} {e} {e} {2} {0} {}

R {  130} {0} {} {Armor Shop|2a90dc} { } {} {} {} {} {} {1.000}
E {  129} {w} {w} {8} {0} {}

R {  131} {0} {} {Large Caked Mud Tunnel|414bff} { } {} {} {} {} {} {1.000}
E {  117} {w} {w} {8} {0} {}
E {  132} {e} {e} {2} {0} {}

R {  132} {0} {} {Large Caked Mud Tunnel|411d80} { } {} {} {} {} {} {1.000}
E {  131} {w} {w} {8} {0} {}
E {  133} {e} {e} {2} {0} {}

R {  133} {0} {} {Large Caked Mud Tunnel|411d80} { } {} {} {} {} {} {1.000}
E {  132} {w} {w} {8} {0} {}
E {  134} {e} {e} {2} {0} {}

R {  134} {0} {} {Large Caked Mud Tunnel|411d80} { } {} {} {} {} {} {1.000}
E {  133} {w} {w} {8} {0} {}
E {  135} {e} {e} {2} {0} {}

R {  135} {0} {} {Large Caked Mud Tunnel|411d80} { } {} {} {} {} {} {1.000}
E {  134} {w} {w} {8} {0} {}
E {  136} {e} {e} {2} {0} {}

R {  136} {0} {} {Large Caked Mud Tunnel|411d80} { } {} {} {} {} {} {1.000}
E {  135} {w} {w} {8} {0} {}
E {  137} {d} {d} {32} {0} {}

R {  137} {0} {} {Dark Passage|3e803d} { } {} {} {} {} {} {1.000}
E {  136} {u} {u} {16} {0} {}
E {  138} {s} {s} {4} {0} {}

R {  138} {0} {} {Dark Passage|3e803d} { } {} {} {} {} {} {1.000}
E {  137} {n} {n} {1} {0} {}
E {  139} {s} {s} {4} {0} {}

R {  139} {0} {} {Dark Passage|3e803d} { } {} {} {} {} {} {1.000}
E {  138} {n} {n} {1} {0} {}
E {  140} {s} {s} {4} {0} {}

R {  140} {0} {} {Dark Passage|3e803d} { } {} {} {} {} {} {1.000}
E {  139} {n} {n} {1} {0} {}
E {  141} {e} {e} {2} {0} {}

R {  141} {0} {} {Dark Passage|3e803d} { } {} {} {} {} {} {1.000}
E {  140} {w} {w} {8} {0} {}
E {  142} {e} {e} {2} {0} {}

R {  142} {0} {} {Dark Passage|3e803d} { } {} {} {} {} {} {1.000}
E {  141} {w} {w} {8} {0} {}
E {  143} {e} {e} {2} {0} {}

R {  143} {0} {} {Dark Passage|3e803d} { } {} {} {} {} {} {1.000}
E {  142} {w} {w} {8} {0} {}
E {  144} {s} {s} {4} {0} {}

R {  144} {0} {} {Dark Passage|3e803d} { } {} {} {} {} {} {1.000}
E {  143} {n} {n} {1} {0} {}
E {  145} {s} {s} {4} {0} {}

R {  145} {0} {} {Dark Passage|3e803d} { } {} {} {} {} {} {1.000}
E {  144} {n} {n} {1} {0} {}
E {  146} {u} {u} {16} {0} {}

R {  146} {0} {} {Dark Passage|2603e7} { } {} {} {} {} {} {1.000}
E {  145} {d} {d} {32} {0} {}
E {  147} {w} {w} {8} {0} {}

R {  147} {0} {} {Dark Passage|3e803d} { } {} {} {} {} {} {1.000}
E {  146} {e} {e} {2} {0} {}
E {  148} {w} {w} {8} {0} {}

R {  148} {0} {} {Dark Passage|3e803d} { } {} {} {} {} {} {1.000}
E {  147} {e} {e} {2} {0} {}
E {  149} {s} {s} {4} {0} {}

R {  149} {0} {} {Dark Passage|3e803d} { } {} {} {} {} {} {1.000}
E {  148} {n} {n} {1} {0} {}
E {  150} {s} {s} {4} {0} {}

R {  150} {0} {} {Dark Passage|3e803d} { } {} {} {} {} {} {1.000}
E {  149} {n} {n} {1} {0} {}
E {  151} {s} {bp secret;open secret;s;close secret} {4} {0} {}
E {  160} {e} {e} {2} {0} {}

R {  151} {0} {} {Forge Room|391093} { } {} {} {} {} {} {1.000}
E {  150} {n} {bp secret;open secret;n;close secret} {1} {0} {}
E {  152} {s} {s} {4} {0} {}
E {  158} {w} {w} {8} {0} {}

R {  152} {0} {} {Forge Room|391093} { } {} {} {} {} {} {1.000}
E {  151} {n} {n} {1} {0} {}
E {  153} {s} {s} {4} {0} {}
E {  159} {w} {w} {8} {0} {}

R {  153} {0} {} {Forge Room|391093} { } {} {} {} {} {} {1.000}
E {  152} {n} {n} {1} {0} {}
E {  154} {w} {w} {8} {0} {}

R {  154} {0} {} {Forge Room|391093} { } {} {} {} {} {} {1.000}
E {  153} {e} {e} {2} {0} {}
E {  155} {w} {w} {8} {0} {}
E {  159} {n} {n} {1} {0} {}

R {  155} {0} {} {Forge Room|391093} { } {} {} {} {} {} {1.000}
E {  154} {e} {e} {2} {0} {}
E {  156} {n} {n} {1} {0} {}

R {  156} {0} {} {Forge Room|391093} { } {} {} {} {} {} {1.000}
E {  155} {s} {s} {4} {0} {}
E {  157} {n} {n} {1} {0} {}
E {  159} {e} {e} {2} {0} {}

R {  157} {0} {} {Forge Room|391093} { } {} {} {} {} {} {1.000}
E {  156} {s} {s} {4} {0} {}
E {  158} {e} {e} {2} {0} {}

R {  158} {0} {} {Forge Room|391093} { } {} {} {} {} {} {1.000}
E {  157} {w} {w} {8} {0} {}
E {  151} {e} {e} {2} {0} {}
E {  159} {s} {s} {4} {0} {}

R {  159} {0} {} {The Clan Forge|437615} { } {} {} {} {} {} {1.000}
E {  152} {e} {e} {2} {0} {}
E {  158} {n} {n} {1} {0} {}
E {  156} {w} {w} {8} {0} {}
E {  154} {s} {s} {4} {0} {}

R {  160} {0} {} {Dark Passage|3e803d} { } {} {} {} {} {} {1.000}
E {  150} {w} {w} {8} {0} {}
E {  161} {e} {e} {2} {0} {}

R {  161} {0} {} {Dark Passage|3e803d} { } {} {} {} {} {} {1.000}
E {  160} {w} {w} {8} {0} {}
E {  162} {n} {n} {1} {0} {}

R {  162} {0} {} {Dark Passage|3e803d} { } {} {} {} {} {} {1.000}
E {  161} {s} {s} {4} {0} {}
E {  136} {u} {u} {16} {0} {}

R {  163} {0} {} {Large Caked Mud Tunnel|411d80} { } {} {} {} {} {} {1.000}
E {  117} {e} {e} {2} {0} {}
E {  164} {w} {w} {8} {0} {}

R {  164} {0} {} {Large Caked Mud Tunnel|411d80} { } {} {} {} {} {} {1.000}
E {  163} {e} {e} {2} {0} {}
E {  165} {w} {w} {8} {0} {}

R {  165} {0} {} {Large Caked Mud Tunnel|411d80} { } {} {} {} {} {} {1.000}
E {  164} {e} {e} {2} {0} {}
E {  166} {w} {w} {8} {0} {}

R {  166} {0} {} {Large Caked Mud Tunnel|411d80} { } {} {} {} {} {} {1.000}
E {  165} {e} {e} {2} {0} {}
E {  167} {n} {n} {1} {0} {}

R {  167} {0} {} {Large Caked Mud Tunnel|40b212} { } {} {} {} {} {} {1.000}
E {  166} {s} {s} {4} {0} {}
E {  168} {d} {open stone;d;close stone} {32} {0} {}

R {  168} {0} {} {Dark Tunnel|25b27a} { } {} {} {} {} {} {1.000}
E {  167} {u} {open stone;u;close stone} {16} {0} {}
E {  169} {w} {w} {8} {0} {}

R {  169} {0} {} {Dark Tunnel|25b27a} { } {} {} {} {} {} {1.000}
E {  168} {e} {e} {2} {0} {}
E {  170} {w} {w} {8} {0} {}

R {  170} {0} {} {Dark Tunnel|25b27a} { } {} {} {} {} {} {1.000}
E {  169} {e} {e} {2} {0} {}
E {  171} {w} {w} {8} {0} {}

R {  171} {0} {} {Dark Tunnel|25b27a} { } {} {} {} {} {} {1.000}
E {  170} {e} {e} {2} {0} {}
E {  172} {s} {s} {4} {0} {}

R {  172} {0} {} {Dark Tunnel|25b27a} { } {} {} {} {} {} {1.000}
E {  171} {n} {n} {1} {0} {}
E {  173} {u} {u} {16} {0} {}

R {  173} {0} {} {Dark Tunnel|25b27a} { } {} {} {} {} {} {1.000}
E {  172} {d} {d} {32} {0} {}
E {  174} {w} {w} {8} {0} {}

R {  174} {0} {} {Dark Tunnel|25b27a} { } {} {} {} {} {} {1.000}
E {  173} {e} {e} {2} {0} {}
E {  175} {s} {s} {4} {0} {}

R {  175} {0} {} {Dark Tunnel|25b27a} { } {} {} {} {} {} {1.000}
E {  174} {n} {n} {1} {0} {}
E {  176} {s} {s} {4} {0} {}

R {  176} {0} {} {Dark Tunnel|25b27a} { } {} {} {} {} {} {1.000}
E {  175} {n} {n} {1} {0} {}
E {  177} {s} {s} {4} {0} {}

R {  177} {0} {} {Dark Tunnel|25b27a} { } {} {} {} {} {} {1.000}
E {  176} {n} {n} {1} {0} {}
E {  178} {w} {w} {8} {0} {}

R {  178} {0} {} {Dark Tunnel|25b27a} { } {} {} {} {} {} {1.000}
E {  177} {e} {e} {2} {0} {}
E {  179} {u} {open door u;u;close door} {16} {0} {}

R {  179} {0} {} {Royal Tunnel|373704} { } {} {} {} {} {} {1.000}
E {  178} {d} {d} {32} {0} {}
E {  180} {e} {e} {2} {0} {}

R {  180} {0} {} {Royal Tunnel|373704} { } {} {} {} {} {} {1.000}
E {  179} {w} {w} {8} {0} {}
E {  181} {e} {e} {2} {0} {}

R {  181} {0} {} {Royal Tunnel|373704} { } {} {} {} {} {} {1.000}
E {  180} {w} {w} {8} {0} {}
E {  182} {s} {s} {4} {0} {}

R {  182} {0} {} {Royal Tunnel|373704} { } {} {} {} {} {} {1.000}
E {  181} {n} {n} {1} {0} {}
E {  183} {e} {e} {2} {0} {}

R {  183} {0} {} {Royal Tunnel|373704} { } {} {} {} {} {} {1.000}
E {  182} {w} {w} {8} {0} {}
E {  184} {e} {e} {2} {0} {}

R {  184} {0} {} {Royal Tunnel|373704} { } {} {} {} {} {} {1.000}
E {  183} {w} {w} {8} {0} {}
E {  185} {s} {s} {4} {0} {}
E {  186} {e} {e} {2} {0} {}

R {  185} {0} {} {Royal Garden|292d26} { } {} {} {} {} {} {1.000}
E {  184} {n} {n} {1} {0} {}

R {  186} {0} {} {Royal Tunnel|373704} { } {} {} {} {} {} {1.000}
E {  184} {w} {w} {8} {0} {}
E {  187} {n} {n} {1} {0} {}

R {  187} {0} {} {Royal Tunnel|373704} { } {} {} {} {} {} {1.000}
E {  186} {s} {s} {4} {0} {}
E {  188} {e} {e} {2} {0} {}

R {  188} {0} {} {Royal Tunnel|373704} { } {} {} {} {} {} {1.000}
E {  187} {w} {w} {8} {0} {}
E {  189} {e} {e} {2} {0} {}

R {  189} {0} {} {Royal Tunnel|373704} { } {} {} {} {} {} {1.000}
E {  188} {w} {w} {8} {0} {}
E {  190} {e} {e} {2} {0} {}

R {  190} {0} {} {Royal Tunnel|373704} { } {} {} {} {} {} {1.000}
E {  189} {w} {w} {8} {0} {}
E {  191} {s} {s} {4} {0} {}
E {  196} {e} {e} {2} {0} {}

R {  191} {0} {} {Museum Entrance|30bbb9} { } {} {} {} {} {} {1.000}
E {  190} {n} {n} {1} {0} {}
E {  192} {s} {s} {4} {0} {}

R {  192} {0} {} {Cockroach Museum|3ce544} { } {} {} {} {} {} {1.000}
E {  191} {n} {n} {1} {0} {}
E {  193} {s} {s} {4} {0} {}
E {  195} {e} {e} {2} {0} {}

R {  193} {0} {} {Cockroach Museum|3ce544} { } {} {} {} {} {} {1.000}
E {  192} {n} {n} {1} {0} {}
E {  194} {e} {e} {2} {0} {}

R {  194} {0} {} {Cockroach Museum|3ce544} { } {} {} {} {} {} {1.000}
E {  193} {w} {w} {8} {0} {}
E {  195} {n} {n} {1} {0} {}

R {  195} {0} {} {Cockroach Museum|3ce544} { } {} {} {} {} {} {1.000}
E {  194} {s} {s} {4} {0} {}
E {  192} {w} {w} {8} {0} {}

R {  196} {0} {} {Royal Tunnel|373704} { } {} {} {} {} {} {1.000}
E {  190} {w} {w} {8} {0} {}
E {  197} {e} {e} {2} {0} {}

R {  197} {0} {} {Royal Tunnel|373704} { } {} {} {} {} {} {1.000}
E {  196} {w} {w} {8} {0} {}
E {  198} {e} {e} {2} {0} {}

R {  198} {0} {} {Royal Tunnel|373704} { } {} {} {} {} {} {1.000}
E {  197} {w} {w} {8} {0} {}
E {  199} {n} {n} {1} {0} {}
E {  200} {s} {s} {4} {0} {}
E {  201} {e} {e} {2} {0} {}

R {  199} {0} {} {Royal Barracks|552402} { } {} {} {} {} {} {1.000}
E {  198} {s} {s} {4} {0} {}

R {  200} {0} {} {Royal Barracks|552402} { } {} {} {} {} {} {1.000}
E {  198} {n} {n} {1} {0} {}

R {  201} {0} {} {Royal Tunnel|373704} { } {} {} {} {} {} {1.000}
E {  198} {w} {w} {8} {0} {}
E {  202} {e} {e} {2} {0} {}

R {  202} {0} {} {Royal Tunnel|373704} { } {} {} {} {} {} {1.000}
E {  201} {w} {w} {8} {0} {}
E {  203} {n} {n} {1} {0} {}
E {  204} {s} {s} {4} {0} {}
E {  205} {e} {e} {2} {0} {}

R {  203} {0} {} {Royal Barracks|552402} { } {} {} {} {} {} {1.000}
E {  202} {s} {s} {4} {0} {}

R {  204} {0} {} {Royal Barracks|552402} { } {} {} {} {} {} {1.000}
E {  202} {n} {n} {1} {0} {}

R {  205} {0} {} {Royal Tunnel|373704} { } {} {} {} {} {} {1.000}
E {  202} {w} {w} {8} {0} {}
E {  206} {e} {e} {2} {0} {}

R {  206} {0} {} {Royal Tunnel|373704} { } {} {} {} {} {} {1.000}
E {  205} {w} {w} {8} {0} {}
E {  207} {s} {s} {4} {0} {}

R {  207} {0} {} {Royal Tunnel|373704} { } {} {} {} {} {} {1.000}
E {  206} {n} {n} {1} {0} {}
E {  208} {e} {e} {2} {0} {}

R {  208} {0} {} {Royal Tunnel|373704} { } {} {} {} {} {} {1.000}
E {  207} {w} {w} {8} {0} {}
E {  209} {e} {e} {2} {0} {}
E {  211} {s} {s} {4} {0} {}

R {  209} {0} {} {King's Quarters|57c97a} { } {} {} {} {} {} {1.000}
E {  208} {w} {w} {8} {0} {}
E {  210} {e} {e} {2} {0} {}

R {  210} {0} {} {King's Bedroom|267b58} { } {} {} {} {} {} {1.000}
E {  209} {w} {w} {8} {0} {}

R {  211} {0} {} {Royal Tunnel|373704} { } {} {} {} {} {} {1.000}
E {  208} {n} {n} {1} {0} {}
E {  212} {s} {s} {4} {0} {}

R {  212} {0} {} {Royal Tunnel|373704} { } {} {} {} {} {} {1.000}
E {  211} {n} {n} {1} {0} {}
E {  213} {s} {s} {4} {0} {}

R {  213} {0} {} {Royal Tunnel|373704} { } {} {} {} {} {} {1.000}
E {  212} {n} {n} {1} {0} {}
E {  214} {s} {bp door;open door;s;close door} {4} {0} {}

R {  214} {0} {} {Audience Chamber|387e3e} { } {} {} {} {} {} {1.000}
E {  213} {n} {bp door;open door;n;close door} {1} {0} {}
E {  215} {e} {e} {2} {0} {}
E {  219} {w} {w} {8} {0} {}
E {  217} {s} {s} {4} {0} {}

R {  215} {0} {} {Audience Chamber|387e3e} { } {} {} {} {} {} {1.000}
E {  214} {w} {w} {8} {0} {}
E {  216} {s} {s} {4} {0} {}

R {  216} {0} {} {Audience Chamber|387e3e} { } {} {} {} {} {} {1.000}
E {  215} {n} {n} {1} {0} {}
E {  217} {w} {w} {8} {0} {}

R {  217} {0} {} {Audience Chamber|61e720} { } {} {} {} {} {} {1.000}
E {  216} {e} {e} {2} {0} {}
E {  218} {w} {w} {8} {0} {}
E {  214} {n} {n} {1} {0} {}

R {  218} {0} {} {Audience Chamber|387e3e} { } {} {} {} {} {} {1.000}
E {  217} {e} {e} {2} {0} {}
E {  219} {n} {n} {1} {0} {}

R {  219} {0} {} {Audience Chamber|387e3e} { } {} {} {} {} {} {1.000}
E {  218} {s} {s} {4} {0} {}
E {  214} {e} {e} {2} {0} {}
