C 50000

CE <278>
CH <118>
CP <138>
CR <178>
CB 

F 8

I 131

L • ╹ ╺ ┗ ╻ ┃ ┏ ┣ ╸ ┛ ━ ┻ ┓ ┫ ┳ ╋ X


R {    1} {0} {<dde>} {An arrival platform|55e970} { } {} {} {} {} {} {1.000}
E {    2} {s} {s} {4} {0} {}
E {    4} {e} {e} {2} {0} {}

R {    2} {0} {<dde>} {Sheva entry station 002|3ca681} { } {} {} {} {} {} {1.000}
E {    1} {n} {n} {1} {0} {}
E {    3} {e} {e} {2} {0} {}

R {    3} {0} {<fff>} {Sheva central station|6954ca} { } {} {} {} {} {} {1.000}
E {    2} {w} {w} {8} {0} {}
E {    4} {n} {n} {1} {0} {}
E {    5} {s} {s} {4} {0} {}

R {    4} {0} {<dde>} {Sheva entry station 001|3545a9} { } {} {} {} {} {} {1.000}
E {    3} {s} {s} {4} {0} {}
E {    1} {w} {w} {8} {0} {}

R {    5} {0} {<fff>} {An elevated walkway|5d0f5d} { } {} {} {} {} {} {1.000}
E {    3} {n} {n} {1} {0} {}
E {    6} {s} {s} {4} {0} {}
E {    7} {e} {e} {2} {0} {}

R {    6} {0} {<dde>} {Sheva transmatter ground beam|6db091} { } {} {} {} {} {} {1.000}
E {    5} {n} {n} {1} {0} {}

R {    7} {0} {<dde>} {Gate 01 checkpoint|6e19d7} { } {} {} {} {} {} {1.000}
E {    5} {w} {w} {8} {0} {}
E {    8} {s} {s} {4} {0} {}

R {    8} {0} {<fff>} {Gate station 01 lobby|a2405c} { } {} {} {} {} {} {1.000}
E {    7} {n} {n} {1} {0} {}
E {    9} {east} {unl portal;open portal;e} {0} {0} {}
E {   10} {e} {unl portal;open portal e;e;close portal w} {2} {0} {}

R {    9} {0} {} {} { } {} {} {} {} {} {1.000}

R {   10} {0} {<fff>} {Lobby transit tube access|4f9a98} { } {} {} {} {} {} {1.000}
E {    8} {w} {w} {8} {0} {}
E {   11} {d} {d} {32} {0} {}

R {   11} {0} {<fff>} {Within a transit tube|5e7a3b} { } {} {} {} {} {} {1.000}
E {   10} {u} {u} {16} {0} {}
E {   12} {d} {d} {32} {0} {}

R {   12} {0} {<fff>} {At the base of a transit tube|39072c} { } {} {} {} {} {} {1.000}
E {   11} {u} {u} {16} {0} {}
E {   13} {e} {e} {2} {0} {}

R {   13} {0} {<fff>} {Sector 02 station|424674} { } {} {} {} {} {} {1.000}
E {   12} {w} {w} {8} {0} {}
E {   14} {n} {n} {1} {0} {}
E {   16} {e} {e} {2} {0} {}

R {   14} {0} {<fff>} {Sector 02 station lobby|692b42} { } {} {} {} {} {} {1.000}
E {   13} {s} {s} {4} {0} {}
E {   15} {e} {e} {2} {0} {}

R {   15} {0} {<dde>} {Within a research facility|4a3b04} { } {} {} {} {} {} {1.000}
E {   14} {w} {w} {8} {0} {}
E {   19} {n} {n} {1} {0} {}
E {   22} {e} {e} {2} {0} {}

R {   16} {0} {} {} { } {} {} {} {} {} {1.000}
E {   13} {w} {w} {8} {0} {}
E {   17} {e} {e} {2} {0} {}

R {   17} {0} {} {} { } {} {} {} {} {} {1.000}
E {   16} {w} {w} {8} {0} {}
E {   18} {e} {e} {2} {0} {}

R {   18} {0} {<dde>} {Vari lab facility|454847} { } {} {} {} {} {} {1.000}
E {   17} {w} {w} {8} {0} {}
E {   20} {s} {s} {4} {0} {}
E {   21} {n} {n} {1} {0} {}
E {   27} {e} {unl airlock e;open airlock e;e;close airlock w} {2} {0} {}

R {   19} {0} {<dde>} {A research facility|55f974} { } {} {} {} {} {} {1.000}
E {   15} {s} {s} {4} {0} {}

R {   20} {0} {<dde>} {A wreckage-strewn lair|76f5cd} { } {} {} {} {} {} {1.000}
E {   18} {n} {n} {1} {0} {}

R {   21} {0} {<dde>} {Vari lab facility|497ba1} { } {} {} {} {} {} {1.000}
E {   18} {s} {s} {4} {0} {}
E {   22} {w} {w} {8} {0} {}
E {   23} {n} {n} {1} {0} {}
E {   25} {e} {e} {2} {0} {}

R {   22} {0} {<dde>} {A darkened corridor|41cf25} { } {} {} {} {} {} {1.000}
E {   21} {e} {e} {2} {0} {}
E {   15} {w} {w} {8} {0} {}
E {   24} {n} {n} {1} {0} {}

R {   23} {0} {<dde>} {A testing area|872919} { } {} {} {} {} {} {1.000}
E {   21} {s} {s} {4} {0} {}

R {   24} {0} {<dde>} {A lab containment cell|394575} { } {} {} {} {} {} {1.000}
E {   22} {s} {s} {4} {0} {}

R {   25} {0} {<dde>} {An incubation chamber|4737a5} { } {} {} {} {} {} {1.000}
E {   21} {w} {w} {8} {0} {}
E {   26} {e} {e} {2} {0} {}
E {   27} {s} {unl airlock s;open airlock s;s;close airlock north} {4} {0} {}

R {   26} {0} {<dde>} {Before a computer array|400a18} { } {} {} {} {} {} {1.000}
E {   25} {w} {w} {8} {0} {}

R {   27} {0} {<dde>} {Vari central testing|66308c} { } {} {} {} {} {} {1.000}
E {   18} {w} {unl airlock w;open airlock w;w;close airlock e} {8} {0} {}
E {   25} {n} {n} {1} {0} {}
E {   28} {e} {e} {2} {0} {}
E {  131} {s} {s} {4} {0} {}

R {   28} {0} {<dde>} {A pulsating corridor|23e825} { } {} {} {} {} {} {1.000}
E {   27} {w} {w} {8} {0} {}
E {   29} {e} {e} {2} {0} {}
E {   30} {s} {s} {4} {0} {}

R {   29} {0} {<dde>} {Power conduit access|55ad24} { } {} {} {} {} {} {1.000}
E {   28} {w} {w} {8} {0} {}

R {   30} {0} {<dde>} {An access platform|4de851} { } {} {} {} {} {} {1.000}
E {   28} {n} {n} {1} {0} {}
E {   31} {d} {d} {32} {0} {}
E {  131} {w} {w} {8} {0} {}

R {   31} {0} {<fff>} {Sector 03 station|3a95cd} { } {} {} {} {} {} {1.000}
E {   30} {u} {u} {16} {0} {}
E {   32} {e} {e} {2} {0} {}

R {   32} {0} {<dde>} {Sector 03 gate station|5eff70} { } {} {} {} {} {} {1.000}
E {   31} {w} {w} {8} {0} {}
E {   33} {s} {unl door s;open door s;s;close door n} {4} {0} {}

R {   33} {0} {<dde>} {Typhon research complex|51c020} { } {} {} {} {} {} {1.000}
E {   32} {n} {n} {1} {0} {}
E {   34} {e} {open airlock;e;close airlock west} {2} {0} {}

R {   34} {0} {<dde>} {A production lab|5f60e0} { } {} {} {} {} {} {1.000}
E {   33} {w} {open airlock west;w;close airlock east} {8} {0} {}
E {   35} {e} {open airlock;e;close airlock west} {2} {0} {}

R {   35} {0} {<dde>} {An intersection|53bd26} { } {} {} {} {} {} {1.000}
E {   34} {w} {open airlock west;w;close airlock east} {8} {0} {}
E {   36} {s} {s} {4} {0} {}
E {   44} {e} {e} {2} {0} {}

R {   36} {0} {<dde>} {A corroded metal tunnel|30584d} { } {} {} {} {} {} {1.000}
E {   35} {n} {n} {1} {0} {}
E {   37} {s} {s} {4} {0} {}
E {  115} {w} {open portal w;w;close portal e} {8} {0} {}

R {   37} {0} {<dde>} {A dimly lit cavern|43e3b9} { } {} {} {} {} {} {1.000}
E {   36} {n} {n} {1} {0} {}
E {   38} {e} {e} {2} {0} {}

R {   38} {0} {<dde>} {An access corridor|2791d8} { } {} {} {} {} {} {1.000}
E {   37} {w} {w} {8} {0} {}
E {   39} {e} {e} {2} {0} {}

R {   39} {0} {<dde>} {A dank corridor|335b19} { } {} {} {} {} {} {1.000}
E {   38} {w} {w} {8} {0} {}
E {   40} {e} {open grating;e;close grating} {2} {0} {}

R {   40} {0} {<dde>} {An intersection|241e4e} { } {} {} {} {} {} {1.000}
E {   39} {w} {open grating;w;close grating} {8} {0} {}
E {   41} {n} {n} {1} {0} {}
E {   49} {e} {e} {2} {0} {}

R {   41} {0} {<dde>} {A research laboratory|4bdf43} { } {} {} {} {} {} {1.000}
E {   40} {s} {s} {4} {0} {}
E {   42} {w} {w} {8} {0} {}
E {   46} {n} {n} {1} {0} {}
E {   48} {e} {e} {2} {0} {}

R {   42} {0} {<dde>} {Typhon central laboratories|4bdbca} { } {} {} {} {} {} {1.000}
E {   41} {e} {e} {2} {0} {}
E {   43} {w} {open airlock;w;close airlock e} {8} {0} {}

R {   43} {0} {<dde>} {Sector 03 reactor|3d3346} { } {} {} {} {} {} {1.000}
E {   42} {e} {open airlock;e;close airlock w} {2} {0} {}

R {   44} {0} {<dde>} {Along a metal walkway|68967e} { } {} {} {} {} {} {1.000}
E {   35} {w} {w} {8} {0} {}
E {   45} {n} {n} {1} {0} {}

R {   45} {0} {<dde>} {Within a cavern complex|4d58c4} { } {} {} {} {} {} {1.000}
E {   44} {s} {s} {4} {0} {}
E {   59} {e} {e} {2} {0} {}

R {   46} {0} {<dde>} {Approaching a glowing cavern|5e4dfa} { } {} {} {} {} {} {1.000}
E {   41} {s} {s} {4} {0} {}
E {   47} {w} {w} {8} {0} {}

R {   47} {0} {<faa>} {Blinded by pulsating light|6c0219} { } {} {} {} {} {} {1.000}
E {   46} {e} {e} {2} {0} {}

R {   48} {0} {<dde>} {Typhon supplies storage|5a5a11} { } {} {} {} {} {} {1.000}
E {   41} {w} {w} {8} {0} {}

R {   49} {0} {<dde>} {Along an access corridor|1840a3} { } {} {} {} {} {} {1.000}
E {   40} {w} {w} {8} {0} {}
E {   50} {e} {e} {2} {0} {}

R {   50} {0} {<dde>} {An access corridor|146e44} { } {} {} {} {} {} {1.000}
E {   49} {w} {w} {8} {0} {}
E {   51} {e} {e} {2} {0} {}

R {   51} {0} {<dde>} {At an intersection|3bb8da} { } {} {} {} {} {} {1.000}
E {   50} {w} {w} {8} {0} {}
E {   52} {n} {n} {1} {0} {}

R {   52} {0} {<dde>} {An open walkway|5208fa} { } {} {} {} {} {} {1.000}
E {   51} {s} {s} {4} {0} {}
E {   53} {w} {w} {8} {0} {}
E {   54} {n} {n} {1} {0} {}

R {   53} {0} {<dde>} {A monitoring station|730504} { } {} {} {} {} {} {1.000}
E {   52} {e} {e} {2} {0} {}

R {   54} {0} {<dde>} {An access corridor|1d2329} { } {} {} {} {} {} {1.000}
E {   52} {s} {s} {4} {0} {}
E {   55} {w} {w} {8} {0} {}
E {   67} {e} {e} {2} {0} {}

R {   55} {0} {<dde>} {A glass-enclosed walkway|2e912e} { } {} {} {} {} {} {1.000}
E {   54} {e} {e} {2} {0} {}
E {   56} {w} {w} {8} {0} {}

R {   56} {0} {<dde>} {Atop an arching walkway|344ed9} { } {} {} {} {} {} {1.000}
E {   55} {e} {e} {2} {0} {}
E {   57} {n} {n} {1} {0} {}

R {   57} {0} {<dde>} {A rocky grotto|3b5350} { } {} {} {} {} {} {1.000}
E {   56} {s} {s} {4} {0} {}
E {   58} {w} {w} {8} {0} {}

R {   58} {0} {<fff>} {Typhon human resource center|3db35a} { } {} {} {} {} {} {1.000}
E {   57} {e} {e} {2} {0} {}
E {   59} {w} {w} {8} {0} {}
E {   60} {n} {open hatchway;n;close portal} {1} {0} {}

R {   59} {0} {<dde>} {A dimly glowing chamber|2acca6} { } {} {} {} {} {} {1.000}
E {   58} {e} {e} {2} {0} {}
E {   45} {w} {w} {8} {0} {}

R {   60} {0} {<dde>} {A glass corridor|5511b5} { } {} {} {} {} {} {1.000}
E {   58} {s} {open portal s;s;close hatchway} {4} {0} {}
E {   61} {w} {w} {8} {0} {}
E {   63} {n} {n} {1} {0} {}

R {   61} {0} {<dde>} {A communal bathhouse|8348f7} { } {} {} {} {} {} {1.000}
E {   60} {e} {e} {2} {0} {}
E {   62} {n} {n} {1} {0} {}

R {   62} {0} {<dde>} {A wash area|27dab0} { } {} {} {} {} {} {1.000}
E {   61} {s} {s} {4} {0} {}

R {   63} {0} {<dde>} {An open pathway|1809a3} { } {} {} {} {} {} {1.000}
E {   60} {s} {s} {4} {0} {}
E {   64} {n} {n} {1} {0} {}

R {   64} {0} {<fff>} {An open pathway|364c9d} { } {} {} {} {} {} {1.000}
E {   63} {s} {s} {4} {0} {}
E {   65} {n} {n} {1} {0} {}
E {  116} {w} {open door w;w;close door e} {8} {0} {}
E {  117} {e} {open door e;e;close door w} {2} {0} {}

R {   65} {0} {<dde>} {A recreation area|81e8df} { } {} {} {} {} {} {1.000}
E {   64} {s} {s} {4} {0} {}
E {   66} {n} {n} {1} {0} {}

R {   66} {0} {<dde>} {Before a small shrine|63715b} { } {} {} {} {} {} {1.000}
E {   65} {s} {s} {4} {0} {}

R {   67} {0} {<dde>} {Typhon research complex|195f53} { } {} {} {} {} {} {1.000}
E {   54} {w} {w} {8} {0} {}
E {   68} {n} {n} {1} {0} {}

R {   68} {0} {<dde>} {A corroded steel tunnel|560672} { } {} {} {} {} {} {1.000}
E {   67} {s} {s} {4} {0} {}
E {   69} {e} {e} {2} {0} {}

R {   69} {0} {<dde>} {A darkened access platform|3ec195} { } {} {} {} {} {} {1.000}
E {   68} {w} {w} {8} {0} {}
E {   70} {u} {u} {16} {0} {}

R {   70} {0} {<dde>} {A materials depot|688b1f} { } {} {} {} {} {} {1.000}
E {   69} {d} {d} {32} {0} {}
E {   71} {e} {e} {2} {0} {}

R {   71} {0} {<dde>} {A shielded corridor|1ac90d} { } {} {} {} {} {} {1.000}
E {   70} {w} {w} {8} {0} {}
E {   72} {e} {e} {2} {0} {}
E {  112} {n} {open airlock n;n;close portal} {1} {0} {}

R {   72} {0} {<dde>} {A trail of wreckage|449d8f} { } {} {} {} {} {} {1.000}
E {   71} {w} {w} {8} {0} {}
E {   73} {e} {e} {2} {0} {}

R {   73} {0} {<dde>} {A scrapheap|3ab3d5} { } {} {} {} {} {} {1.000}
E {   72} {w} {w} {8} {0} {}
E {   74} {s} {s} {4} {0} {}
E {   88} {n} {n} {1} {0} {}

R {   74} {0} {<dde>} {A path of crushed metal|2aaa7f} { } {} {} {} {} {} {1.000}
E {   73} {n} {n} {1} {0} {}
E {   75} {w} {w} {8} {0} {}
E {   76} {s} {s} {4} {0} {}

R {   75} {0} {<dde>} {Within the scrapyard|3f3cd4} { } {} {} {} {} {} {1.000}
E {   74} {e} {e} {2} {0} {}

R {   76} {0} {<dde>} {A wasteland of metal|3b947e} { } {} {} {} {} {} {1.000}
E {   74} {n} {n} {1} {0} {}
E {   77} {s} {s} {4} {0} {}

R {   77} {0} {<dde>} {Among heaps of scrap|4dfeff} { } {} {} {} {} {} {1.000}
E {   76} {n} {n} {1} {0} {}
E {   78} {e} {e} {2} {0} {}

R {   78} {0} {<dde>} {Wading through oil|607904} { } {} {} {} {} {} {1.000}
E {   77} {w} {w} {8} {0} {}
E {   79} {e} {e} {2} {0} {}

R {   79} {0} {<dde>} {Among burning pools of oil|4ea9fe} { } {} {} {} {} {} {1.000}
E {   78} {w} {w} {8} {0} {}
E {   80} {n} {n} {1} {0} {}

R {   80} {0} {<dde>} {Surrounded by wreckage|530974} { } {} {} {} {} {} {1.000}
E {   79} {s} {s} {4} {0} {}
E {   81} {w} {w} {8} {0} {}

R {   81} {0} {<dde>} {The remains of a titanic machine|32992a} { } {} {} {} {} {} {1.000}
E {   80} {e} {e} {2} {0} {}
E {   82} {n} {n} {1} {0} {}

R {   82} {0} {<dde>} {Within a rusting hulk|3f590c} { } {} {} {} {} {} {1.000}
E {   81} {s} {s} {4} {0} {}
E {   83} {e} {e} {2} {0} {}

R {   83} {0} {<dde>} {A cable-strewn opening|41c6f3} { } {} {} {} {} {} {1.000}
E {   82} {w} {w} {8} {0} {}
E {   84} {d} {d} {32} {0} {}

R {   84} {0} {<dde>} {Beneath the scrapheap|59f56e} { } {} {} {} {} {} {1.000}
E {   83} {u} {u} {16} {0} {}
E {   85} {n} {n} {1} {0} {}

R {   85} {0} {<dde>} {A dank tunnel|2eb094} { } {} {} {} {} {} {1.000}
E {   84} {s} {s} {4} {0} {}
E {   86} {d} {d} {32} {0} {}

R {   86} {0} {<dde>} {A dimly lit passageway|44ce6e} { } {} {} {} {} {} {1.000}
E {   85} {u} {u} {16} {0} {}
E {   87} {e} {e} {2} {0} {}

R {   87} {0} {<dde>} {A brilliant crimson glow|013e2b} { } {} {} {} {} {} {1.000}
E {   86} {w} {w} {8} {0} {}

R {   88} {0} {<dde>} {A caldera of molten slag|3d29f6} { } {} {} {} {} {} {1.000}
E {   73} {s} {s} {4} {0} {}
E {   89} {e} {e} {2} {0} {}

R {   89} {0} {<dde>} {An access platform|261dd8} { } {} {} {} {} {} {1.000}
E {   88} {w} {w} {8} {0} {}
E {   90} {u} {u} {16} {0} {}

R {   90} {0} {<dde>} {A metallic corridor|334833} { } {} {} {} {} {} {1.000}
E {   89} {d} {d} {32} {0} {}
E {   91} {n} {n} {1} {0} {}

R {   91} {0} {<dde>} {A graven stone altar|90f19f} { } {} {} {} {} {} {1.000}
E {   90} {s} {s} {4} {0} {}
E {   92} {n} {n} {1} {0} {}

R {   92} {0} {<dde>} {A vertical shaft|30effc} { } {} {} {} {} {} {1.000}
E {   91} {s} {s} {4} {0} {}
E {   93} {u} {u} {16} {0} {}

R {   93} {0} {<dde>} {Through a dark metal passage|552562} { } {} {} {} {} {} {1.000}
E {   92} {d} {d} {32} {0} {}
E {   94} {e} {e} {2} {0} {}

R {   94} {0} {<dde>} {Before an oval portal|297718} { } {} {} {} {} {} {1.000}
E {   93} {w} {w} {8} {0} {}
E {   95} {s} {s} {4} {0} {}

R {   95} {0} {<dde>} {Surrounded by ochre rock|6208f8} { } {} {} {} {} {} {1.000}
E {   94} {n} {n} {1} {0} {}
E {   96} {u} {u} {16} {0} {}
E {  118} {e} {e} {2} {0} {}

R {   96} {0} {<dde>} {A shelf of ochre rock|144709} { } {} {} {} {} {} {1.000}
E {   95} {d} {d} {32} {0} {}
E {   97} {u} {u} {16} {0} {}
E {  119} {e} {e} {2} {0} {}

R {   97} {0} {<dde>} {An oval portal|5fd670} { } {} {} {} {} {} {1.000}
E {   96} {d} {d} {32} {0} {}
E {   98} {u} {u} {16} {0} {}
E {  113} {w} {w} {8} {0} {}
E {  120} {e} {e} {2} {0} {}

R {   98} {0} {<dde>} {A wide access shaft|71f581} { } {} {} {} {} {} {1.000}
E {   97} {d} {d} {32} {0} {}
E {   99} {e} {e} {2} {0} {}

R {   99} {0} {<dde>} {A glowing blue portal|353e46} { } {} {} {} {} {} {1.000}
E {   98} {w} {w} {8} {0} {}
E {  100} {e} {e} {2} {0} {}
E {  120} {d} {d} {32} {0} {}

R {  100} {0} {<dde>} {A rough stone passage|4ae907} { } {} {} {} {} {} {1.000}
E {   99} {w} {w} {8} {0} {}
E {  101} {e} {e} {2} {0} {}

R {  101} {0} {<dde>} {A rocky ledge|44c52a} { } {} {} {} {} {} {1.000}
E {  100} {w} {w} {8} {0} {}
E {  102} {n} {n} {1} {0} {}

R {  102} {0} {<dde>} {Above swirling sand|25d449} { } {} {} {} {} {} {1.000}
E {  101} {s} {s} {4} {0} {}
E {  103} {e} {e} {2} {0} {}

R {  103} {0} {<dde>} {A corridor of pebbled stone|4fbe02} { } {} {} {} {} {} {1.000}
E {  102} {w} {w} {8} {0} {}
E {  104} {s} {s} {4} {0} {}

R {  104} {0} {<dde>} {A wide passageway|472f4d} { } {} {} {} {} {} {1.000}
E {  103} {n} {n} {1} {0} {}
E {  105} {s} {s} {4} {0} {}

R {  105} {0} {<dde>} {A tunnel of pebbled stone|2996e3} { } {} {} {} {} {} {1.000}
E {  104} {n} {n} {1} {0} {}
E {  106} {e} {e} {2} {0} {}

R {  106} {0} {<dde>} {Atop carven pillars|397478} { } {} {} {} {} {} {1.000}
E {  105} {w} {w} {8} {0} {}
E {  107} {n} {n} {1} {0} {}

R {  107} {0} {<dde>} {Over eddying sands|7068a1} { } {} {} {} {} {} {1.000}
E {  106} {s} {s} {4} {0} {}
E {  108} {d} {d} {32} {0} {}
E {  128} {e} {e} {2} {0} {}

R {  108} {0} {<dde>} {Within a metal cavern|306014} { } {} {} {} {} {} {1.000}
E {  109} {d} {d} {32} {0} {}
E {  129} {e} {e} {2} {0} {}

R {  109} {0} {} {} { } {} {} {} {} {} {1.000}
E {  108} {u} {u} {16} {0} {}
E {  110} {d} {d} {32} {0} {}

R {  110} {0} {<faa>} {Within a concealed shaft|4f18f3} { } {} {} {} {} {} {1.000}
E {  109} {u} {u} {16} {0} {}
E {  111} {d} {d} {32} {0} {}

R {  111} {0} {<faa>} {A dais of glistening metal|541056} { } {} {} {} {} {} {1.000}
E {  114} {e} {e} {2} {0} {}

R {  112} {0} {<dde>} {Chemical processing station|5661fb} { } {} {} {} {} {} {1.000}
E {   71} {s} {open portal s;s;close airlock} {4} {0} {}

R {  113} {0} {<dde>} {A passage of metallic brick|337907} { } {} {} {} {} {} {1.000}
E {   97} {e} {e} {2} {0} {}
E {  121} {w} {w} {8} {0} {}

R {  114} {0} {<faa>} {A porous rock tunnel|634a12} { } {} {} {} {} {} {1.000}
E {  111} {w} {w} {8} {0} {}

R {  115} {0} {<fff>} {Before a strange obelisk|5910b4} { } {} {} {} {} {} {1.000}
E {   36} {e} {open portal e;e;close portal w} {2} {0} {}

R {  116} {0} {<dde>} {Bar Hexad|644882} { } {} {} {} {} {} {1.000}
E {   64} {e} {open door e;e;close door w} {2} {0} {}

R {  117} {0} {<dde>} {Typhon Automat|73ab70} { } {} {} {} {} {} {1.000}
E {   64} {w} {open door w;w;close door east} {8} {0} {}

R {  118} {0} {<dde>} {Surrounded by ochre stone|1d95d4} { } {} {} {} {} {} {1.000}
E {   95} {w} {w} {8} {0} {}
E {  119} {u} {u} {16} {0} {}

R {  119} {0} {<dde>} {An oval portal|53d2d7} { } {} {} {} {} {} {1.000}
E {   96} {w} {w} {8} {0} {}
E {  118} {d} {d} {32} {0} {}
E {  120} {u} {u} {16} {0} {}

R {  120} {0} {<dde>} {A gleaming metal ledge|77d634} { } {} {} {} {} {} {1.000}
E {   97} {w} {w} {8} {0} {}
E {   99} {u} {u} {16} {0} {}
E {  119} {d} {d} {32} {0} {}

R {  121} {0} {<dde>} {Before tiled metal stairs|47af1b} { } {} {} {} {} {} {1.000}
E {  113} {e} {e} {2} {0} {}
E {  122} {d} {d} {32} {0} {}

R {  122} {0} {<dde>} {At the base of a stairway|2ffaaf} { } {} {} {} {} {} {1.000}
E {  121} {u} {u} {16} {0} {}
E {  123} {w} {w} {8} {0} {}
E {  127} {n} {n} {1} {0} {}

R {  123} {0} {<dde>} {A bulbous stone corridor|206789} { } {} {} {} {} {} {1.000}
E {  122} {e} {e} {2} {0} {}
E {  124} {w} {w} {8} {0} {}
E {  126} {s} {s} {4} {0} {}

R {  124} {0} {<dde>} {A passage of oddly textured stone|23c710} { } {} {} {} {} {} {1.000}
E {  123} {e} {e} {2} {0} {}
E {  125} {n} {n} {1} {0} {}

R {  125} {0} {<dde>} {A hidden chamber|5ff3cb} { } {} {} {} {} {} {1.000}
E {  124} {s} {s} {4} {0} {}

R {  126} {0} {<dde>} {A metal-walled chamber|2438cb} { } {} {} {} {} {} {1.000}
E {  123} {n} {n} {1} {0} {}

R {  127} {0} {<dde>} {A riveted metal chamber|308561} { } {} {} {} {} {} {1.000}
E {  122} {s} {s} {4} {0} {}

R {  128} {0} {<dde>} {A pair of glowing crystal portals|355579} { } {} {} {} {} {} {1.000}
E {  107} {w} {w} {8} {0} {}
E {  130} {d} {d} {32} {0} {}

R {  129} {0} {<dde>} {A room of organic stone|5ab6f7} { } {} {} {} {} {} {1.000}
E {  108} {w} {w} {8} {0} {}
E {  130} {u} {u} {16} {0} {}

R {  130} {0} {<dde>} {In an empty shaft|4c5fd4} { } {} {} {} {} {} {1.000}
E {  128} {u} {u} {16} {0} {}
E {  129} {d} {d} {32} {0} {}

R {  131} {0} {<dde>} {Vari research labs|4c8713} { } {} {} {} {} {} {1.000}
E {   27} {n} {n} {1} {0} {}
E {   30} {e} {e} {2} {0} {}
E {  132} {s} {s} {4} {0} {}

R {  132} {0} {<dde>} {A sterilization chamber|3e0a9d} { } {} {} {} {} {} {1.000}
E {  131} {n} {n} {1} {0} {}
