C 50000

CE <278>
CH <118>
CP <138>
CR <178>
CB 

F 9

I 40

L ▪ ╹ ╺ ┗ ╻ ┃ ┏ ┣ ╸ ┛ ━ ┻ ┓ ┫ ┳ ╋ X


R {    1} {0} {} {} { } {} {} {} {} {} {1.000}
E {    2} {d} {d} {32} {0} {}

R {    2} {0} {} {} { } {} {} {} {} {} {1.000}
E {    1} {u} {u} {16} {0} {}
E {    3} {s} {s} {4} {0} {}

R {    3} {0} {} {} { } {} {} {} {} {} {1.000}
E {    2} {n} {n} {1} {0} {}
E {    4} {w} {open door w;w;close door east} {8} {0} {}
E {    5} {e} {e} {2} {0} {}
E {   14} {s} {s} {4} {0} {}

R {    4} {0} {} {} { } {} {} {} {} {} {1.000}
E {    3} {e} {open door e;e;close door w} {2} {0} {}

R {    5} {0} {} {} { } {} {} {} {} {} {1.000}
E {    3} {w} {w} {8} {0} {}
E {    6} {n} {n} {1} {0} {}
E {    7} {s} {s} {4} {0} {}
E {    8} {e} {e} {2} {0} {}

R {    6} {0} {} {} { } {} {} {} {} {} {1.000}
E {    5} {s} {s} {4} {0} {}

R {    7} {0} {} {} { } {} {} {} {} {} {1.000}
E {    5} {n} {n} {1} {0} {}

R {    8} {0} {} {} { } {} {} {} {} {} {1.000}
E {    5} {w} {w} {8} {0} {}
E {    9} {n} {n} {1} {0} {}
E {   12} {s} {s} {4} {0} {}

R {    9} {0} {} {} { } {} {} {} {} {} {1.000}
E {    8} {s} {s} {4} {0} {}
E {   10} {e} {open double;e;close double} {2} {0} {}

R {   10} {0} {} {} { } {} {} {} {} {} {1.000}
E {    9} {w} {open double;w;close double} {8} {0} {}
E {   11} {s} {s} {4} {0} {}

R {   11} {0} {} {} { } {} {} {} {} {} {1.000}
E {   10} {n} {n} {1} {0} {}

R {   12} {0} {} {} { } {} {} {} {} {} {1.000}
E {    8} {n} {n} {1} {0} {}
E {   13} {e} {e} {2} {0} {}

R {   13} {0} {} {} { } {} {} {} {} {} {1.000}
E {   12} {w} {w} {8} {0} {}

R {   14} {0} {} {} { } {} {} {} {} {} {1.000}
E {    3} {n} {n} {1} {0} {}
E {   15} {w} {w} {8} {0} {}
E {   16} {s} {s} {4} {0} {}

R {   15} {0} {} {} { } {} {} {} {} {} {1.000}
E {   14} {e} {e} {2} {0} {}

R {   16} {0} {} {} { } {} {} {} {} {} {1.000}
E {   14} {n} {n} {1} {0} {}
E {   17} {w} {w} {8} {0} {}
E {   30} {s} {s} {4} {0} {}

R {   17} {0} {} {} { } {} {} {} {} {} {1.000}
E {   16} {e} {e} {2} {0} {}
E {   18} {s} {s} {4} {0} {}
E {   19} {w} {w} {8} {0} {}

R {   18} {0} {} {} { } {} {} {} {} {} {1.000}
E {   17} {n} {open door;n;} {1} {0} {}

R {   19} {0} {} {} { } {} {} {} {} {} {1.000}
E {   17} {e} {e} {2} {0} {}
E {   20} {n} {open door n;n;close door} {1} {0} {}
E {   21} {w} {open door w;w;close door} {8} {0} {}
E {   23} {s} {s} {4} {0} {}

R {   20} {0} {} {} { } {} {} {} {} {} {1.000}
E {   19} {s} {open door;s;close door} {4} {0} {}

R {   21} {0} {} {} { } {} {} {} {} {} {1.000}
E {   19} {e} {open door;e;close door w} {2} {0} {}
E {   22} {n} {n} {1} {0} {}

R {   22} {0} {} {} { } {} {} {} {} {} {1.000}
E {   21} {s} {s} {4} {0} {}

R {   23} {0} {} {} { } {} {} {} {} {} {1.000}
E {   19} {n} {n} {1} {0} {}
E {   24} {w} {open door w;w;close door} {8} {0} {}
E {   25} {s} {s} {4} {0} {}

R {   24} {0} {} {} { } {} {} {} {} {} {1.000}
E {   23} {e} {open door;e;close door w} {2} {0} {}

R {   25} {0} {} {} { } {} {} {} {} {} {1.000}
E {   23} {n} {n} {1} {0} {}
E {   26} {w} {open door w;w;close door e} {8} {0} {}
E {   28} {s} {open door s;s;close door n} {4} {0} {}
E {   29} {e} {open door e;e;close door w} {2} {0} {}

R {   26} {0} {} {} { } {} {} {} {} {} {1.000}
E {   25} {e} {open door e;e;close door w} {2} {0} {}
E {   27} {s} {s} {4} {0} {}

R {   27} {0} {} {} { } {} {} {} {} {} {1.000}
E {   26} {n} {n} {1} {0} {}

R {   28} {0} {} {} { } {} {} {} {} {} {1.000}
E {   25} {n} {open door n;n;close door s} {1} {0} {}

R {   29} {0} {} {} { } {} {} {} {} {} {1.000}
E {   25} {w} {open door w;w;close door e} {8} {0} {}

R {   30} {0} {} {} { } {} {} {} {} {} {1.000}
E {   16} {n} {n} {1} {0} {}
E {   31} {s} {s} {4} {0} {}

R {   31} {0} {} {} { } {} {} {} {} {} {1.000}
E {   30} {n} {n} {1} {0} {}
E {   32} {s} {open door s;s;close door n} {4} {0} {}
E {   35} {e} {e} {2} {0} {}

R {   32} {0} {} {} { } {} {} {} {} {} {1.000}
E {   31} {n} {open door n;n;close door s} {1} {0} {}
E {   33} {w} {w} {8} {0} {}
E {   34} {s} {s} {4} {0} {}

R {   33} {0} {} {} { } {} {} {} {} {} {1.000}
E {   32} {e} {e} {2} {0} {}

R {   34} {0} {} {} { } {} {} {} {} {} {1.000}
E {   32} {n} {n} {1} {0} {}

R {   35} {0} {} {} { } {} {} {} {} {} {1.000}
E {   31} {w} {w} {8} {0} {}
E {   36} {s} {open door;s;close door} {4} {0} {}
E {   37} {e} {e} {2} {0} {}

R {   36} {0} {} {} { } {} {} {} {} {} {1.000}
E {   35} {n} {open door;n;close door s} {1} {0} {}

R {   37} {0} {} {} { } {} {} {} {} {} {1.000}
E {   35} {w} {w} {8} {0} {}
E {   38} {n} {open door n;n;close door} {1} {0} {}
E {   39} {e} {e} {2} {0} {}
E {   40} {s} {open door s;s;close door n} {4} {0} {}

R {   38} {0} {} {} { } {} {} {} {} {} {1.000}
E {   37} {s} {open door;s;close door} {4} {0} {}

R {   39} {0} {} {} { } {} {} {} {} {} {1.000}
E {   37} {w} {w} {8} {0} {}

R {   40} {0} {} {} { } {} {} {} {} {} {1.000}
E {   37} {n} {n} {1} {0} {}
